// Jest Snapshot v1, https://goo.gl/fbAQLP

exports[`Home renders homepage unchanged 1`] = `
<div
  className="bg-gray-100 min-h-screen"
>
  <main
    className="flex flex-col justify-center items-center mx-auto prose lg:prose-xl"
  >
    Lorem ipsum dolor sit amet, consectetur adipiscing elit. Nec hoc ille non vidit, sed verborum magnificentia est et gloria delectatus. Iubet igitur nos Pythius Apollo noscere nosmet ipsos. Itaque vides, quo modo loquantur, nova verba fingunt, deserunt usitata. An dolor longissimus quisque miserrimus, voluptatem non optabiliorem diuturnitas facit? Est autem etiam actio quaedam corporis, quae motus et status naturae congruentis tenet; Quod autem magnum dolorem brevem, longinquum levem esse dicitis, id non intellego quale sit. Duo Reges: constructio interrete. Ut id aliis narrare gestiant? Sed vos squalidius, illorum vides quam niteat oratio. Hanc quoque iucunditatem, si vis, transfer in animum;
  </main>
</div>
`;
